1 -> 2 (expected no changes):
diff blueprints c50d0bdf-bc2b-45f4-9624-c5f2d11a4099 d70a3187-4165-49df-83b6-40cec55e5526
--- c50d0bdf-bc2b-45f4-9624-c5f2d11a4099
+++ d70a3187-4165-49df-83b6-40cec55e5526
  sled 0d168386-2551-44e8-98dd-ae7a7570f8a0
      zone config generation 2
         zone 10b0a742-f1e4-4238-a7a4-5cae054ec21c type crucible (unchanged)
         zone 68bfd3a6-fe97-493e-8846-351596cca8ab type crucible (unchanged)
         zone b20cd67c-4bde-4c53-8e8b-e990c1b6425d type internal_ntp (unchanged)
         zone f59fddd0-b7f5-4dcc-8c60-a448cbf95116 type crucible (unchanged)
  sled 72443b6c-b8bb-4ffa-ab3a-aeaa428ed79b
      zone config generation 2
         zone 0429c3bb-49e0-4414-be00-89a52eae155f type crucible (unchanged)
         zone 0564f879-d27a-43c0-ace8-2834acfa8c79 type crucible (unchanged)
         zone 3a629f2c-a0de-4919-a10b-e82f411326be type crucible (unchanged)
         zone 9bf49a6a-0755-4953-811f-ce125f2683d5 type internal_ntp (unchanged)
  sled a5f3db3a-61aa-4f90-ad3e-02833c253bf5
      zone config generation 2
         zone 0bd58841-203e-44fe-86fc-71338ce0173d type internal_ntp (unchanged)
         zone 42258dcd-a14c-4111-8602-b8971b8cc843 type crucible (unchanged)
         zone c628ebb7-19bd-4bcc-9515-85214cc089b4 type crucible (unchanged)
         zone e91e46ca-9051-41c0-a744-a6b017e69316 type crucible (unchanged)

2 -> 3 (expect new NTP zone on new sled):
diff blueprints d70a3187-4165-49df-83b6-40cec55e5526 6cfe0985-3caf-4ed3-a528-dd65980a70e7
--- d70a3187-4165-49df-83b6-40cec55e5526
+++ 6cfe0985-3caf-4ed3-a528-dd65980a70e7
  sled 0d168386-2551-44e8-98dd-ae7a7570f8a0
      zone config generation 2
         zone 10b0a742-f1e4-4238-a7a4-5cae054ec21c type crucible (unchanged)
         zone 68bfd3a6-fe97-493e-8846-351596cca8ab type crucible (unchanged)
         zone b20cd67c-4bde-4c53-8e8b-e990c1b6425d type internal_ntp (unchanged)
         zone f59fddd0-b7f5-4dcc-8c60-a448cbf95116 type crucible (unchanged)
  sled 72443b6c-b8bb-4ffa-ab3a-aeaa428ed79b
      zone config generation 2
         zone 0429c3bb-49e0-4414-be00-89a52eae155f type crucible (unchanged)
         zone 0564f879-d27a-43c0-ace8-2834acfa8c79 type crucible (unchanged)
         zone 3a629f2c-a0de-4919-a10b-e82f411326be type crucible (unchanged)
         zone 9bf49a6a-0755-4953-811f-ce125f2683d5 type internal_ntp (unchanged)
  sled a5f3db3a-61aa-4f90-ad3e-02833c253bf5
      zone config generation 2
         zone 0bd58841-203e-44fe-86fc-71338ce0173d type internal_ntp (unchanged)
         zone 42258dcd-a14c-4111-8602-b8971b8cc843 type crucible (unchanged)
         zone c628ebb7-19bd-4bcc-9515-85214cc089b4 type crucible (unchanged)
         zone e91e46ca-9051-41c0-a744-a6b017e69316 type crucible (unchanged)
+ sled 7097f5b3-5896-4fff-bd97-63a9a69563a9 (added)
+     zone config generation 1
+         zone 00953b9b-1c7f-4de6-bf67-83b5fd084cd0 type internal_ntp (added)

3 -> 4 (expect Crucible zones):
diff blueprints 6cfe0985-3caf-4ed3-a528-dd65980a70e7 cb191215-ed99-4253-8b9e-0b7765575d00
--- 6cfe0985-3caf-4ed3-a528-dd65980a70e7
+++ cb191215-ed99-4253-8b9e-0b7765575d00
  sled 0d168386-2551-44e8-98dd-ae7a7570f8a0
      zone config generation 2
         zone 10b0a742-f1e4-4238-a7a4-5cae054ec21c type crucible (unchanged)
         zone 68bfd3a6-fe97-493e-8846-351596cca8ab type crucible (unchanged)
         zone b20cd67c-4bde-4c53-8e8b-e990c1b6425d type internal_ntp (unchanged)
         zone f59fddd0-b7f5-4dcc-8c60-a448cbf95116 type crucible (unchanged)
  sled 7097f5b3-5896-4fff-bd97-63a9a69563a9
-     zone config generation 1
+     zone config generation 2
         zone 00953b9b-1c7f-4de6-bf67-83b5fd084cd0 type internal_ntp (unchanged)
+        zone 8208d613-e5c7-4c4d-9eb3-d507dfc7a6c0 type crucible (added)
+        zone aeaf5849-a808-4e2b-8f5b-addad46d1107 type crucible (added)
+        zone f67db542-2909-4c0b-96a8-8599929a1e6a type crucible (added)
  sled 72443b6c-b8bb-4ffa-ab3a-aeaa428ed79b
      zone config generation 2
         zone 0429c3bb-49e0-4414-be00-89a52eae155f type crucible (unchanged)
         zone 0564f879-d27a-43c0-ace8-2834acfa8c79 type crucible (unchanged)
         zone 3a629f2c-a0de-4919-a10b-e82f411326be type crucible (unchanged)
         zone 9bf49a6a-0755-4953-811f-ce125f2683d5 type internal_ntp (unchanged)
  sled a5f3db3a-61aa-4f90-ad3e-02833c253bf5
      zone config generation 2
         zone 0bd58841-203e-44fe-86fc-71338ce0173d type internal_ntp (unchanged)
         zone 42258dcd-a14c-4111-8602-b8971b8cc843 type crucible (unchanged)
         zone c628ebb7-19bd-4bcc-9515-85214cc089b4 type crucible (unchanged)
         zone e91e46ca-9051-41c0-a744-a6b017e69316 type crucible (unchanged)

4 -> 5 (expect no changes):
diff blueprints cb191215-ed99-4253-8b9e-0b7765575d00 ee8b17cb-b270-488d-9fd9-f90bfec37b8f
--- cb191215-ed99-4253-8b9e-0b7765575d00
+++ ee8b17cb-b270-488d-9fd9-f90bfec37b8f
  sled 0d168386-2551-44e8-98dd-ae7a7570f8a0
      zone config generation 2
         zone 10b0a742-f1e4-4238-a7a4-5cae054ec21c type crucible (unchanged)
         zone 68bfd3a6-fe97-493e-8846-351596cca8ab type crucible (unchanged)
         zone b20cd67c-4bde-4c53-8e8b-e990c1b6425d type internal_ntp (unchanged)
         zone f59fddd0-b7f5-4dcc-8c60-a448cbf95116 type crucible (unchanged)
  sled 7097f5b3-5896-4fff-bd97-63a9a69563a9
      zone config generation 2
         zone 00953b9b-1c7f-4de6-bf67-83b5fd084cd0 type internal_ntp (unchanged)
         zone 8208d613-e5c7-4c4d-9eb3-d507dfc7a6c0 type crucible (unchanged)
         zone aeaf5849-a808-4e2b-8f5b-addad46d1107 type crucible (unchanged)
         zone f67db542-2909-4c0b-96a8-8599929a1e6a type crucible (unchanged)
  sled 72443b6c-b8bb-4ffa-ab3a-aeaa428ed79b
      zone config generation 2
         zone 0429c3bb-49e0-4414-be00-89a52eae155f type crucible (unchanged)
         zone 0564f879-d27a-43c0-ace8-2834acfa8c79 type crucible (unchanged)
         zone 3a629f2c-a0de-4919-a10b-e82f411326be type crucible (unchanged)
         zone 9bf49a6a-0755-4953-811f-ce125f2683d5 type internal_ntp (unchanged)
  sled a5f3db3a-61aa-4f90-ad3e-02833c253bf5
      zone config generation 2
         zone 0bd58841-203e-44fe-86fc-71338ce0173d type internal_ntp (unchanged)
         zone 42258dcd-a14c-4111-8602-b8971b8cc843 type crucible (unchanged)
         zone c628ebb7-19bd-4bcc-9515-85214cc089b4 type crucible (unchanged)
         zone e91e46ca-9051-41c0-a744-a6b017e69316 type crucible (unchanged)

