policy: {}
resource: Fleet id "001de000-1334-4000-8000-000000000000"

  USER                             Q  R LC RP  M MP CC  D
  silo-admin                       ✘  ✘  ✘  ✘  ✘  ✘  ✘  ✘
  silo-collaborator                ✘  ✘  ✘  ✘  ✘  ✘  ✘  ✘
  silo-viewer                      ✘  ✘  ✘  ✘  ✘  ✘  ✘  ✘

policy: {Admin: {Admin}}
resource: Fleet id "001de000-1334-4000-8000-000000000000"

  USER                             Q  R LC RP  M MP CC  D
  silo-admin                       ✘  ✔  ✔  ✔  ✔  ✔  ✔  ✔
  silo-collaborator                ✘  ✘  ✘  ✘  ✘  ✘  ✘  ✘
  silo-viewer                      ✘  ✘  ✘  ✘  ✘  ✘  ✘  ✘

policy: {Viewer: {Viewer}}
resource: Fleet id "001de000-1334-4000-8000-000000000000"

  USER                             Q  R LC RP  M MP CC  D
  silo-admin                       ✘  ✔  ✔  ✔  ✘  ✘  ✘  ✘
  silo-collaborator                ✘  ✔  ✔  ✔  ✘  ✘  ✘  ✘
  silo-viewer                      ✘  ✔  ✔  ✔  ✘  ✘  ✘  ✘

policy: {Admin: {Viewer}}
resource: Fleet id "001de000-1334-4000-8000-000000000000"

  USER                             Q  R LC RP  M MP CC  D
  silo-admin                       ✘  ✔  ✔  ✔  ✘  ✘  ✘  ✘
  silo-collaborator                ✘  ✘  ✘  ✘  ✘  ✘  ✘  ✘
  silo-viewer                      ✘  ✘  ✘  ✘  ✘  ✘  ✘  ✘

policy: {Viewer: {Admin, Viewer}}
resource: Fleet id "001de000-1334-4000-8000-000000000000"

  USER                             Q  R LC RP  M MP CC  D
  silo-admin                       ✘  ✔  ✔  ✔  ✔  ✔  ✔  ✔
  silo-collaborator                ✘  ✔  ✔  ✔  ✔  ✔  ✔  ✔
  silo-viewer                      ✘  ✔  ✔  ✔  ✔  ✔  ✔  ✔

policy: {Admin: {Admin}, Viewer: {Viewer}}
resource: Fleet id "001de000-1334-4000-8000-000000000000"

  USER                             Q  R LC RP  M MP CC  D
  silo-admin                       ✘  ✔  ✔  ✔  ✔  ✔  ✔  ✔
  silo-collaborator                ✘  ✔  ✔  ✔  ✘  ✘  ✘  ✘
  silo-viewer                      ✘  ✔  ✔  ✔  ✘  ✘  ✘  ✘

